http_interactions:
  - request:
      method: HEAD
      path: /testoutput/zarr_dataset_multichannel
      headers:
        host: localhost:8000
        user-agent: >-
          aiobotocore/2.14.0 md/Botocore#1.35.7 ua/2.0 os/linux#6.8.0-45-generic
          md/arch#x86_64 lang/python#3.10.12 md/pyimpl#CPython
          cfg/retry-mode#legacy botocore/1.35.7
        x-amz-date: 20240925T100037Z
        x-amz-content-sha256: e3b0c44298fc1c149afbf4c8996fb92427ae41e4649b934ca495991b7852b855
        authorization: >-
          AWS4-HMAC-SHA256
          Credential=TtnuieannGt2rGuie2t8Tt7urarg5nauedRndrur/20240925/us-east-1/s3/aws4_request,
          SignedHeaders=host;x-amz-content-sha256;x-amz-date,
          Signature=fd2b5669ff3314513ac38501be908cd2567116ecc9392201e848ba92a820e24e
        amz-sdk-invocation-id: ab972de8-dba1-4523-a346-85b16a052eaf
        amz-sdk-request: attempt=1
        accept-encoding: identity
        accept: '*/*'
      body:
        encoding: utf8
        data: ''
        compression: none
    response:
      status:
        code: 200
      headers:
        cache-control: no-cache
        referrer-policy: origin-when-cross-origin, strict-origin-when-cross-origin
        content-security-policy: >-
          img-src * data: blob: 'unsafe-inline'; style-src 'self'
          'unsafe-inline' *; base-uri 'none'; frame-src * data: blob: ;
          default-src * data: mediastream: blob: filesystem: about: ws: wss:
          'unsafe-eval' 'wasm-unsafe-eval' 'unsafe-inline'; script-src * data:
          blob: 'unsafe-inline' 'unsafe-eval'; media-src * data: blob:
          'unsafe-inline'; connect-src * data: blob: 'unsafe-inline'; object-src
          'none'; font-src * data: blob: 'unsafe-inline'
        x-permitted-cross-domain-policies: master-only
        date: Wed, 25 Sep 2024 10:00:37 GMT
        connection: close
        content-type: text/html; charset=UTF-8
        content-length: '1435'
      body:
        encoding: utf8
        data: ''
        compression: none
  - request:
      method: GET
      path: >-
        /testoutput?list-type=2&prefix=zarr_dataset_multichannel%2F&delimiter=%2F&encoding-type=url
      headers:
        host: localhost:8000
        user-agent: >-
          aiobotocore/2.14.0 md/Botocore#1.35.7 ua/2.0 os/linux#6.8.0-45-generic
          md/arch#x86_64 lang/python#3.10.12 md/pyimpl#CPython
          cfg/retry-mode#legacy botocore/1.35.7
        x-amz-date: 20240925T100037Z
        x-amz-content-sha256: e3b0c44298fc1c149afbf4c8996fb92427ae41e4649b934ca495991b7852b855
        authorization: >-
          AWS4-HMAC-SHA256
          Credential=TtnuieannGt2rGuie2t8Tt7urarg5nauedRndrur/20240925/us-east-1/s3/aws4_request,
          SignedHeaders=host;x-amz-content-sha256;x-amz-date,
          Signature=0dc67a0da70f135c5d28b030a9c609944846be91a9ba283073704cc9e4802627
        amz-sdk-invocation-id: ca903e21-74b9-4d87-a0e4-e74b4753118b
        amz-sdk-request: attempt=1
        accept-encoding: identity
        accept: '*/*'
      body:
        encoding: utf8
        data: ''
        compression: none
    response:
      status:
        code: 200
      headers:
        cache-control: no-cache
        referrer-policy: origin-when-cross-origin, strict-origin-when-cross-origin
        content-security-policy: >-
          img-src * data: blob: 'unsafe-inline'; style-src 'self'
          'unsafe-inline' *; base-uri 'none'; frame-src * data: blob: ;
          default-src * data: mediastream: blob: filesystem: about: ws: wss:
          'unsafe-eval' 'wasm-unsafe-eval' 'unsafe-inline'; script-src * data:
          blob: 'unsafe-inline' 'unsafe-eval'; media-src * data: blob:
          'unsafe-inline'; connect-src * data: blob: 'unsafe-inline'; object-src
          'none'; font-src * data: blob: 'unsafe-inline'
        x-permitted-cross-domain-policies: master-only
        date: Wed, 25 Sep 2024 10:00:37 GMT
        connection: close
        content-type: text/html; charset=UTF-8
        content-length: '1435'
      body:
        encoding: utf8
        data: |
          <!DOCTYPE html>
          <html lang="en">
            <head>
              <meta name="viewport" content="width=device-width, initial-scale=1.0, user-scalable=no" />
              <meta name="commit-hash" content="e8d5ea3dd097af5a4a7a3bb834d9da56d072ba4b" />
              <meta name="selected-theme" content="auto" />
              
              <title>WEBKNOSSOS</title>
              
              <meta property="og:title" content="WEBKNOSSOS" />
                 
              <meta name="robot" content="noindex" />
              
              <link rel="shortcut icon" type="image/png" href="/assets/images/favicon.png" />
              <link
                rel="stylesheet"
                type="text/css"
                media="screen"
                href="/assets/bundle/vendors~main.css?nocache=e8d5ea3dd097af5a4a7a3bb834d9da56d072ba4b"
              />
              <link
                rel="stylesheet"
                type="text/css"
                media="screen"
                href="/assets/bundle/main.css?nocache=e8d5ea3dd097af5a4a7a3bb834d9da56d072ba4b"
              />
              <script
                data-airbrake-project-id="insert-valid-projectID-here"
                data-airbrake-project-key="insert-valid-projectKey-here"
                data-airbrake-environment-name="dev-local"
              ></script>
              <script src="/assets/bundle/vendors~main.js?nocache=e8d5ea3dd097af5a4a7a3bb834d9da56d072ba4b"></script>
              <script src="/assets/bundle/main.js?nocache=e8d5ea3dd097af5a4a7a3bb834d9da56d072ba4b"></script>
              <script type="text/javascript" src="https://app.olvy.co/script.js" defer="defer"></script>
            </head>
            <body>
              <main id="main-container"></main>

              
            </body>
          </html>
        compression: none
  - request:
      method: HEAD
      path: /testoutput/zarr_dataset_multichannel
      headers:
        host: localhost:8000
        user-agent: >-
          aiobotocore/2.14.0 md/Botocore#1.35.7 ua/2.0 os/linux#6.8.0-45-generic
          md/arch#x86_64 lang/python#3.10.12 md/pyimpl#CPython
          cfg/retry-mode#legacy botocore/1.35.7
        x-amz-date: 20240925T100037Z
        x-amz-content-sha256: e3b0c44298fc1c149afbf4c8996fb92427ae41e4649b934ca495991b7852b855
        authorization: >-
          AWS4-HMAC-SHA256
          Credential=TtnuieannGt2rGuie2t8Tt7urarg5nauedRndrur/20240925/us-east-1/s3/aws4_request,
          SignedHeaders=host;x-amz-content-sha256;x-amz-date,
          Signature=fd2b5669ff3314513ac38501be908cd2567116ecc9392201e848ba92a820e24e
        amz-sdk-invocation-id: 99f2ad87-e543-4bfe-8495-b7c89477554c
        amz-sdk-request: attempt=1
        accept-encoding: identity
        accept: '*/*'
      body:
        encoding: utf8
        data: ''
        compression: none
    response:
      status:
        code: 200
      headers:
        cache-control: no-cache
        referrer-policy: origin-when-cross-origin, strict-origin-when-cross-origin
        content-security-policy: >-
          img-src * data: blob: 'unsafe-inline'; style-src 'self'
          'unsafe-inline' *; base-uri 'none'; frame-src * data: blob: ;
          default-src * data: mediastream: blob: filesystem: about: ws: wss:
          'unsafe-eval' 'wasm-unsafe-eval' 'unsafe-inline'; script-src * data:
          blob: 'unsafe-inline' 'unsafe-eval'; media-src * data: blob:
          'unsafe-inline'; connect-src * data: blob: 'unsafe-inline'; object-src
          'none'; font-src * data: blob: 'unsafe-inline'
        x-permitted-cross-domain-policies: master-only
        date: Wed, 25 Sep 2024 10:00:37 GMT
        connection: close
        content-type: text/html; charset=UTF-8
        content-length: '1435'
      body:
        encoding: utf8
        data: ''
        compression: none
  - request:
      method: HEAD
      path: /testoutput/zarr_dataset_multichannel
      headers:
        host: localhost:8000
        user-agent: >-
          aiobotocore/2.14.0 md/Botocore#1.35.7 ua/2.0 os/linux#6.8.0-45-generic
          md/arch#x86_64 lang/python#3.10.12 md/pyimpl#CPython
          cfg/retry-mode#legacy botocore/1.35.7
        x-amz-date: 20240925T100037Z
        x-amz-content-sha256: e3b0c44298fc1c149afbf4c8996fb92427ae41e4649b934ca495991b7852b855
        authorization: >-
          AWS4-HMAC-SHA256
          Credential=TtnuieannGt2rGuie2t8Tt7urarg5nauedRndrur/20240925/us-east-1/s3/aws4_request,
          SignedHeaders=host;x-amz-content-sha256;x-amz-date,
          Signature=fd2b5669ff3314513ac38501be908cd2567116ecc9392201e848ba92a820e24e
        amz-sdk-invocation-id: c120fde7-73e8-4b05-bcf7-ad0e9981a5a0
        amz-sdk-request: attempt=1
        accept-encoding: identity
        accept: '*/*'
      body:
        encoding: utf8
        data: ''
        compression: none
    response:
      status:
        code: 200
      headers:
        cache-control: no-cache
        referrer-policy: origin-when-cross-origin, strict-origin-when-cross-origin
        content-security-policy: >-
          img-src * data: blob: 'unsafe-inline'; style-src 'self'
          'unsafe-inline' *; base-uri 'none'; frame-src * data: blob: ;
          default-src * data: mediastream: blob: filesystem: about: ws: wss:
          'unsafe-eval' 'wasm-unsafe-eval' 'unsafe-inline'; script-src * data:
          blob: 'unsafe-inline' 'unsafe-eval'; media-src * data: blob:
          'unsafe-inline'; connect-src * data: blob: 'unsafe-inline'; object-src
          'none'; font-src * data: blob: 'unsafe-inline'
        x-permitted-cross-domain-policies: master-only
        date: Wed, 25 Sep 2024 10:00:37 GMT
        connection: close
        content-type: text/html; charset=UTF-8
        content-length: '1435'
      body:
        encoding: utf8
        data: ''
        compression: none
  - request:
      method: POST
      path: /testoutput?delete
      headers:
        host: localhost:8000
        user-agent: >-
          aiobotocore/2.14.0 md/Botocore#1.35.7 ua/2.0 os/linux#6.8.0-45-generic
          md/arch#x86_64 lang/python#3.10.12 md/pyimpl#CPython
          cfg/retry-mode#legacy botocore/1.35.7
        content-md5: uH/ovp6HIlo4IGoc9jq7vw==
        x-amz-date: 20240925T100037Z
        x-amz-content-sha256: 2a24f45746c33118d5ff5d922a16b95e67cd4f9fa3b5cf71989bea899c1e06e9
        authorization: >-
          AWS4-HMAC-SHA256
          Credential=TtnuieannGt2rGuie2t8Tt7urarg5nauedRndrur/20240925/us-east-1/s3/aws4_request,
          SignedHeaders=content-md5;host;x-amz-content-sha256;x-amz-date,
          Signature=1d51ba5959277f69384ebc2225803fd4965345a9b71725f4ab31c6099bb55269
        amz-sdk-invocation-id: 4270a253-9dac-4faf-8b27-6e81a5736af6
        amz-sdk-request: attempt=1
        content-length: '137'
        accept-encoding: identity
        accept: '*/*'
      body:
        encoding: utf8
        data: >-
          <Delete
          xmlns="http://s3.amazonaws.com/doc/2006-03-01/"><Object><Key>zarr_dataset_multichannel</Key></Object><Quiet>true</Quiet></Delete>
        compression: none
    response:
      status:
        code: 200
      headers:
        cache-control: no-cache
        referrer-policy: origin-when-cross-origin, strict-origin-when-cross-origin
        content-security-policy: >-
          img-src * data: blob: 'unsafe-inline'; style-src 'self'
          'unsafe-inline' *; base-uri 'none'; frame-src * data: blob: ;
          default-src * data: mediastream: blob: filesystem: about: ws: wss:
          'unsafe-eval' 'wasm-unsafe-eval' 'unsafe-inline'; script-src * data:
          blob: 'unsafe-inline' 'unsafe-eval'; media-src * data: blob:
          'unsafe-inline'; connect-src * data: blob: 'unsafe-inline'; object-src
          'none'; font-src * data: blob: 'unsafe-inline'
        x-permitted-cross-domain-policies: master-only
        date: Wed, 25 Sep 2024 10:00:37 GMT
        connection: close
        content-type: text/html; charset=UTF-8
        content-length: '1435'
      body:
        encoding: utf8
        data: |
          <!DOCTYPE html>
          <html lang="en">
            <head>
              <meta name="viewport" content="width=device-width, initial-scale=1.0, user-scalable=no" />
              <meta name="commit-hash" content="e8d5ea3dd097af5a4a7a3bb834d9da56d072ba4b" />
              <meta name="selected-theme" content="auto" />
              
              <title>WEBKNOSSOS</title>
              
              <meta property="og:title" content="WEBKNOSSOS" />
                 
              <meta name="robot" content="noindex" />
              
              <link rel="shortcut icon" type="image/png" href="/assets/images/favicon.png" />
              <link
                rel="stylesheet"
                type="text/css"
                media="screen"
                href="/assets/bundle/vendors~main.css?nocache=e8d5ea3dd097af5a4a7a3bb834d9da56d072ba4b"
              />
              <link
                rel="stylesheet"
                type="text/css"
                media="screen"
                href="/assets/bundle/main.css?nocache=e8d5ea3dd097af5a4a7a3bb834d9da56d072ba4b"
              />
              <script
                data-airbrake-project-id="insert-valid-projectID-here"
                data-airbrake-project-key="insert-valid-projectKey-here"
                data-airbrake-environment-name="dev-local"
              ></script>
              <script src="/assets/bundle/vendors~main.js?nocache=e8d5ea3dd097af5a4a7a3bb834d9da56d072ba4b"></script>
              <script src="/assets/bundle/main.js?nocache=e8d5ea3dd097af5a4a7a3bb834d9da56d072ba4b"></script>
              <script type="text/javascript" src="https://app.olvy.co/script.js" defer="defer"></script>
            </head>
            <body>
              <main id="main-container"></main>

              
            </body>
          </html>
        compression: none
  - request:
      method: HEAD
      path: /testoutput/zarr_dataset_multichannel
      headers:
        host: localhost:8000
        user-agent: >-
          aiobotocore/2.14.0 md/Botocore#1.35.7 ua/2.0 os/linux#6.8.0-45-generic
          md/arch#x86_64 lang/python#3.10.12 md/pyimpl#CPython
          cfg/retry-mode#legacy botocore/1.35.7
        x-amz-date: 20240925T100037Z
        x-amz-content-sha256: e3b0c44298fc1c149afbf4c8996fb92427ae41e4649b934ca495991b7852b855
        authorization: >-
          AWS4-HMAC-SHA256
          Credential=TtnuieannGt2rGuie2t8Tt7urarg5nauedRndrur/20240925/us-east-1/s3/aws4_request,
          SignedHeaders=host;x-amz-content-sha256;x-amz-date,
          Signature=fd2b5669ff3314513ac38501be908cd2567116ecc9392201e848ba92a820e24e
        amz-sdk-invocation-id: 1e0e658f-b875-4eef-ae96-b1fd533b67c5
        amz-sdk-request: attempt=1
        accept-encoding: identity
        accept: '*/*'
      body:
        encoding: utf8
        data: ''
        compression: none
    response:
      status:
        code: 200
      headers:
        cache-control: no-cache
        referrer-policy: origin-when-cross-origin, strict-origin-when-cross-origin
        content-security-policy: >-
          img-src * data: blob: 'unsafe-inline'; style-src 'self'
          'unsafe-inline' *; base-uri 'none'; frame-src * data: blob: ;
          default-src * data: mediastream: blob: filesystem: about: ws: wss:
          'unsafe-eval' 'wasm-unsafe-eval' 'unsafe-inline'; script-src * data:
          blob: 'unsafe-inline' 'unsafe-eval'; media-src * data: blob:
          'unsafe-inline'; connect-src * data: blob: 'unsafe-inline'; object-src
          'none'; font-src * data: blob: 'unsafe-inline'
        x-permitted-cross-domain-policies: master-only
        date: Wed, 25 Sep 2024 10:00:37 GMT
        connection: close
        content-type: text/html; charset=UTF-8
        content-length: '1435'
      body:
        encoding: utf8
        data: ''
        compression: none
  - request:
      method: GET
      path: >-
        /testoutput?list-type=2&prefix=zarr_dataset_multichannel%2F&delimiter=%2F&encoding-type=url
      headers:
        host: localhost:8000
        user-agent: >-
          aiobotocore/2.14.0 md/Botocore#1.35.7 ua/2.0 os/linux#6.8.0-45-generic
          md/arch#x86_64 lang/python#3.10.12 md/pyimpl#CPython
          cfg/retry-mode#legacy botocore/1.35.7
        x-amz-date: 20240925T100037Z
        x-amz-content-sha256: e3b0c44298fc1c149afbf4c8996fb92427ae41e4649b934ca495991b7852b855
        authorization: >-
          AWS4-HMAC-SHA256
          Credential=TtnuieannGt2rGuie2t8Tt7urarg5nauedRndrur/20240925/us-east-1/s3/aws4_request,
          SignedHeaders=host;x-amz-content-sha256;x-amz-date,
          Signature=0dc67a0da70f135c5d28b030a9c609944846be91a9ba283073704cc9e4802627
        amz-sdk-invocation-id: 8d2f5d12-2e10-454c-a420-4474626c7c71
        amz-sdk-request: attempt=1
        accept-encoding: identity
        accept: '*/*'
      body:
        encoding: utf8
        data: ''
        compression: none
    response:
      status:
        code: 200
      headers:
        cache-control: no-cache
        referrer-policy: origin-when-cross-origin, strict-origin-when-cross-origin
        content-security-policy: >-
          img-src * data: blob: 'unsafe-inline'; style-src 'self'
          'unsafe-inline' *; base-uri 'none'; frame-src * data: blob: ;
          default-src * data: mediastream: blob: filesystem: about: ws: wss:
          'unsafe-eval' 'wasm-unsafe-eval' 'unsafe-inline'; script-src * data:
          blob: 'unsafe-inline' 'unsafe-eval'; media-src * data: blob:
          'unsafe-inline'; connect-src * data: blob: 'unsafe-inline'; object-src
          'none'; font-src * data: blob: 'unsafe-inline'
        x-permitted-cross-domain-policies: master-only
        date: Wed, 25 Sep 2024 10:00:37 GMT
        connection: close
        content-type: text/html; charset=UTF-8
        content-length: '1435'
      body:
        encoding: utf8
        data: |
          <!DOCTYPE html>
          <html lang="en">
            <head>
              <meta name="viewport" content="width=device-width, initial-scale=1.0, user-scalable=no" />
              <meta name="commit-hash" content="e8d5ea3dd097af5a4a7a3bb834d9da56d072ba4b" />
              <meta name="selected-theme" content="auto" />
              
              <title>WEBKNOSSOS</title>
              
              <meta property="og:title" content="WEBKNOSSOS" />
                 
              <meta name="robot" content="noindex" />
              
              <link rel="shortcut icon" type="image/png" href="/assets/images/favicon.png" />
              <link
                rel="stylesheet"
                type="text/css"
                media="screen"
                href="/assets/bundle/vendors~main.css?nocache=e8d5ea3dd097af5a4a7a3bb834d9da56d072ba4b"
              />
              <link
                rel="stylesheet"
                type="text/css"
                media="screen"
                href="/assets/bundle/main.css?nocache=e8d5ea3dd097af5a4a7a3bb834d9da56d072ba4b"
              />
              <script
                data-airbrake-project-id="insert-valid-projectID-here"
                data-airbrake-project-key="insert-valid-projectKey-here"
                data-airbrake-environment-name="dev-local"
              ></script>
              <script src="/assets/bundle/vendors~main.js?nocache=e8d5ea3dd097af5a4a7a3bb834d9da56d072ba4b"></script>
              <script src="/assets/bundle/main.js?nocache=e8d5ea3dd097af5a4a7a3bb834d9da56d072ba4b"></script>
              <script type="text/javascript" src="https://app.olvy.co/script.js" defer="defer"></script>
            </head>
            <body>
              <main id="main-container"></main>

              
            </body>
          </html>
        compression: none
  - request:
      method: HEAD
      path: /testoutput/zarr_dataset_multichannel
      headers:
        host: localhost:8000
        user-agent: >-
          aiobotocore/2.14.0 md/Botocore#1.35.7 ua/2.0 os/linux#6.8.0-45-generic
          md/arch#x86_64 lang/python#3.10.12 md/pyimpl#CPython
          cfg/retry-mode#legacy botocore/1.35.7
        x-amz-date: 20240925T100037Z
        x-amz-content-sha256: e3b0c44298fc1c149afbf4c8996fb92427ae41e4649b934ca495991b7852b855
        authorization: >-
          AWS4-HMAC-SHA256
          Credential=TtnuieannGt2rGuie2t8Tt7urarg5nauedRndrur/20240925/us-east-1/s3/aws4_request,
          SignedHeaders=host;x-amz-content-sha256;x-amz-date,
          Signature=fd2b5669ff3314513ac38501be908cd2567116ecc9392201e848ba92a820e24e
        amz-sdk-invocation-id: 2d819ab7-ac05-4448-8dad-13bcaa6bdc89
        amz-sdk-request: attempt=1
        accept-encoding: identity
        accept: '*/*'
      body:
        encoding: utf8
        data: ''
        compression: none
    response:
      status:
        code: 200
      headers:
        cache-control: no-cache
        referrer-policy: origin-when-cross-origin, strict-origin-when-cross-origin
        content-security-policy: >-
          img-src * data: blob: 'unsafe-inline'; style-src 'self'
          'unsafe-inline' *; base-uri 'none'; frame-src * data: blob: ;
          default-src * data: mediastream: blob: filesystem: about: ws: wss:
          'unsafe-eval' 'wasm-unsafe-eval' 'unsafe-inline'; script-src * data:
          blob: 'unsafe-inline' 'unsafe-eval'; media-src * data: blob:
          'unsafe-inline'; connect-src * data: blob: 'unsafe-inline'; object-src
          'none'; font-src * data: blob: 'unsafe-inline'
        x-permitted-cross-domain-policies: master-only
        date: Wed, 25 Sep 2024 10:00:37 GMT
        connection: close
        content-type: text/html; charset=UTF-8
        content-length: '1435'
      body:
        encoding: utf8
        data: ''
        compression: none
  - request:
      method: GET
      path: >-
        /testoutput?list-type=2&prefix=zarr_dataset_multichannel%2F&delimiter=%2F&encoding-type=url
      headers:
        host: localhost:8000
        user-agent: >-
          aiobotocore/2.14.0 md/Botocore#1.35.7 ua/2.0 os/linux#6.8.0-45-generic
          md/arch#x86_64 lang/python#3.10.12 md/pyimpl#CPython
          cfg/retry-mode#legacy botocore/1.35.7
        x-amz-date: 20240925T100037Z
        x-amz-content-sha256: e3b0c44298fc1c149afbf4c8996fb92427ae41e4649b934ca495991b7852b855
        authorization: >-
          AWS4-HMAC-SHA256
          Credential=TtnuieannGt2rGuie2t8Tt7urarg5nauedRndrur/20240925/us-east-1/s3/aws4_request,
          SignedHeaders=host;x-amz-content-sha256;x-amz-date,
          Signature=0dc67a0da70f135c5d28b030a9c609944846be91a9ba283073704cc9e4802627
        amz-sdk-invocation-id: c75a65ed-11c9-4a60-960d-725480672c96
        amz-sdk-request: attempt=1
        accept-encoding: identity
        accept: '*/*'
      body:
        encoding: utf8
        data: ''
        compression: none
    response:
      status:
        code: 200
      headers:
        cache-control: no-cache
        referrer-policy: origin-when-cross-origin, strict-origin-when-cross-origin
        content-security-policy: >-
          img-src * data: blob: 'unsafe-inline'; style-src 'self'
          'unsafe-inline' *; base-uri 'none'; frame-src * data: blob: ;
          default-src * data: mediastream: blob: filesystem: about: ws: wss:
          'unsafe-eval' 'wasm-unsafe-eval' 'unsafe-inline'; script-src * data:
          blob: 'unsafe-inline' 'unsafe-eval'; media-src * data: blob:
          'unsafe-inline'; connect-src * data: blob: 'unsafe-inline'; object-src
          'none'; font-src * data: blob: 'unsafe-inline'
        x-permitted-cross-domain-policies: master-only
        date: Wed, 25 Sep 2024 10:00:37 GMT
        connection: close
        content-type: text/html; charset=UTF-8
        content-length: '1435'
      body:
        encoding: utf8
        data: |
          <!DOCTYPE html>
          <html lang="en">
            <head>
              <meta name="viewport" content="width=device-width, initial-scale=1.0, user-scalable=no" />
              <meta name="commit-hash" content="e8d5ea3dd097af5a4a7a3bb834d9da56d072ba4b" />
              <meta name="selected-theme" content="auto" />
              
              <title>WEBKNOSSOS</title>
              
              <meta property="og:title" content="WEBKNOSSOS" />
                 
              <meta name="robot" content="noindex" />
              
              <link rel="shortcut icon" type="image/png" href="/assets/images/favicon.png" />
              <link
                rel="stylesheet"
                type="text/css"
                media="screen"
                href="/assets/bundle/vendors~main.css?nocache=e8d5ea3dd097af5a4a7a3bb834d9da56d072ba4b"
              />
              <link
                rel="stylesheet"
                type="text/css"
                media="screen"
                href="/assets/bundle/main.css?nocache=e8d5ea3dd097af5a4a7a3bb834d9da56d072ba4b"
              />
              <script
                data-airbrake-project-id="insert-valid-projectID-here"
                data-airbrake-project-key="insert-valid-projectKey-here"
                data-airbrake-environment-name="dev-local"
              ></script>
              <script src="/assets/bundle/vendors~main.js?nocache=e8d5ea3dd097af5a4a7a3bb834d9da56d072ba4b"></script>
              <script src="/assets/bundle/main.js?nocache=e8d5ea3dd097af5a4a7a3bb834d9da56d072ba4b"></script>
              <script type="text/javascript" src="https://app.olvy.co/script.js" defer="defer"></script>
            </head>
            <body>
              <main id="main-container"></main>

              
            </body>
          </html>
        compression: none
